
===== discovery-sweep run 2026-08-18T11:29:24Z =====


===== BTC 1h 208d (~4993 bars) · +0.5%/-0.3%/5bp · HOR=24 · EXCURSION-graded · DISCOVERY/in-sample =====
  signal                      n  hit%    net%  medMFE  medMAE reach.5  vsRAND     OOStr/te net
  MR overext z>2 (fade)     220    30  -0.110   +0.35   -0.44      40  -0.018   -0.13/ -0.09
  MR 4-consec (fade)        219    39  -0.035   +0.46   -0.37      48  +0.059   -0.03/ -0.04
  MOM NR7 breakout          320    33  -0.086   +0.33   -0.35      37  +0.012   -0.10/ -0.07
  MOM Donchian20 break      228    33  -0.087   +0.44   -0.37      45  -0.004   -0.10/ -0.07
  large-range FOLLOW        169    28  -0.128   +0.34   -0.42      38  -0.060   -0.19/ -0.07
  large-range FADE          169    38  -0.042   +0.50   -0.41      51  -0.033   +0.02/ -0.11
  vol-spike CONT            199    33  -0.085   +0.39   -0.39      45  +0.048   -0.10/ -0.07
  vol-spike FADE            199    36  -0.065   +0.45   -0.41      45  -0.040   -0.05/ -0.08
  inside-bar breakout       314    34  -0.079   +0.38   -0.36      42  +0.024   -0.10/ -0.06

===== BTC 2h 400d (~4801 bars) · +0.5%/-0.3%/5bp · HOR=18 · EXCURSION-graded · DISCOVERY/in-sample =====
  signal                      n  hit%    net%  medMFE  medMAE reach.5  vsRAND     OOStr/te net
  MR overext z>2 (fade)     255    29  -0.121   +0.43   -0.46      45  -0.015   -0.14/ -0.10
  MR 4-consec (fade)        245    34  -0.076   +0.45   -0.41      48  -0.026   -0.07/ -0.08
  MOM NR7 breakout          337    32  -0.098   +0.33   -0.40      41  -0.025   -0.08/ -0.12
  MOM Donchian20 break      260    35  -0.073   +0.52   -0.43      51  +0.034   -0.05/ -0.10
  large-range FOLLOW        194    34  -0.078   +0.52   -0.42      52  +0.008   -0.06/ -0.09
  large-range FADE          194    29  -0.115   +0.47   -0.45      47  +0.021   -0.12/ -0.11
  vol-spike CONT            236    31  -0.099   +0.50   -0.45      50  -0.011   -0.05/ -0.15
  vol-spike FADE            236    33  -0.089   +0.54   -0.48      54  -0.012   -0.13/ -0.05
  inside-bar breakout       353    30  -0.107   +0.38   -0.42      42  +0.011   -0.11/ -0.10

===== BTC 4h 800d (~4801 bars) · +0.5%/-0.3%/5bp · HOR=18 · EXCURSION-graded · DISCOVERY/in-sample =====
  signal                      n  hit%    net%  medMFE  medMAE reach.5  vsRAND     OOStr/te net
  MR overext z>2 (fade)     257    22  -0.176   +0.60   -0.72      59  -0.062   -0.21/ -0.15
  MR 4-consec (fade)        214    26  -0.141   +0.59   -0.64      56  +0.026   -0.12/ -0.16
  MOM NR7 breakout          324    28  -0.128   +0.60   -0.49      56  +0.027   -0.16/ -0.10
  MOM Donchian20 break      256    20  -0.194   +0.63   -0.67      56  -0.081   -0.19/ -0.19
  large-range FOLLOW        206    25  -0.152   +0.54   -0.57      55  -0.027   -0.19/ -0.12
  large-range FADE          206    25  -0.148   +0.57   -0.52      55  -0.074   -0.20/ -0.09
  vol-spike CONT            223    28  -0.124   +0.52   -0.51      53  -0.039   -0.15/ -0.10
  vol-spike FADE            223    25  -0.149   +0.52   -0.50      53  -0.029   -0.22/ -0.08
  inside-bar breakout       361    29  -0.117   +0.62   -0.49      58  +0.004   -0.15/ -0.08

===== TRIAL COUNT (denominator) = 27 signal×TF cells tested, BTC only =====
NO survivors cleared the discovery bar (beat random + both OOS halves positive). Expected — most patterns are null after costs.

----- discovery_excursion.py -----

===== BTC 5m 17d (~4897 bars) · NO stop / NO cost / NO bracket · MFE/MAE over 48 bars · fwd-return at [6, 12, 24, 48] bars · BTC-only =====
  signal                        n    MFE    MAE  r0.5  fwd@24 RANDfwd    EDGE     OOS tr/te
  MR overext z>2 (fade)       177  +0.25  -0.24    31  +0.020  +0.020  -0.000  +0.04/+0.00
  MR 4-consec (fade)          161  +0.31  -0.22    32  +0.034  +0.013  +0.022  +0.06/+0.00
  MOM Donchian20 break        179  +0.26  -0.26    23  -0.004  +0.014  -0.018  -0.01/+0.01
  large-range FOLLOW          136  +0.23  -0.26    22  -0.012  +0.027  -0.039  -0.01/-0.01  <-- CONTENT
  large-range FADE            136  +0.26  -0.23    27  +0.012  +0.029  -0.017  +0.01/+0.01
  vol-spike CONT              195  +0.24  -0.28    24  -0.013  -0.041  +0.027  -0.04/+0.01
  vol-spike FADE              195  +0.28  -0.24    27  +0.013  -0.034  +0.048  +0.04/-0.01
  shallow-sweep->reclaim (long)  138  +0.28  -0.21    28  +0.031  +0.011  +0.020  +0.03/+0.03

===== BTC 15m 52d (~4993 bars) · NO stop / NO cost / NO bracket · MFE/MAE over 32 bars · fwd-return at [4, 8, 16, 32] bars · BTC-only =====
  signal                        n    MFE    MAE  r0.5  fwd@16 RANDfwd    EDGE     OOS tr/te
  MR overext z>2 (fade)       201  +0.52  -0.57    52  -0.009  -0.042  +0.033  +0.02/-0.04
  MR 4-consec (fade)          208  +0.52  -0.45    52  +0.055  -0.017  +0.072  +0.06/+0.05  <-- CONTENT
  MOM Donchian20 break        227  +0.46  -0.61    48  -0.064  +0.002  -0.066  -0.07/-0.05  <-- CONTENT
  large-range FOLLOW          146  +0.57  -0.62    55  +0.038  -0.011  +0.048  +0.03/+0.04  <-- CONTENT
  large-range FADE            146  +0.62  -0.57    57  -0.038  +0.011  -0.049  -0.03/-0.04  <-- CONTENT
  vol-spike CONT              192  +0.56  -0.55    54  -0.046  +0.029  -0.075  -0.12/+0.03
  vol-spike FADE              192  +0.55  -0.56    56  +0.046  +0.017  +0.029  +0.12/-0.03
  shallow-sweep->reclaim (long)  140  +0.59  -0.41    59  +0.121  +0.074  +0.047  +0.19/+0.06  <-- CONTENT

===== BTC 1h 208d (~4993 bars) · NO stop / NO cost / NO bracket · MFE/MAE over 24 bars · fwd-return at [3, 6, 12, 24] bars · BTC-only =====
  signal                        n    MFE    MAE  r0.5  fwd@12 RANDfwd    EDGE     OOS tr/te
  MR overext z>2 (fade)       220  +1.09  -1.41    74  -0.138  +0.038  -0.176  -0.16/-0.11  <-- CONTENT
  MR 4-consec (fade)          219  +1.27  -1.29    84  +0.053  +0.080  -0.027  +0.07/+0.04
  MOM Donchian20 break        228  +1.33  -1.08    81  +0.110  +0.160  -0.050  +0.17/+0.05
  large-range FOLLOW          169  +1.32  -1.30    79  -0.091  -0.247  +0.156  -0.09/-0.09
  large-range FADE            169  +1.30  -1.32    82  +0.091  +0.142  -0.050  +0.09/+0.09
  vol-spike CONT              199  +1.25  -1.20    82  -0.059  -0.201  +0.142  -0.05/-0.07
  vol-spike FADE              199  +1.20  -1.25    82  +0.059  -0.005  +0.064  +0.05/+0.07  <-- CONTENT
  shallow-sweep->reclaim (long)  129  +1.19  -1.23    81  -0.081  -0.131  +0.051  -0.00/-0.16

===== BTC 4h 800d (~4801 bars) · NO stop / NO cost / NO bracket · MFE/MAE over 18 bars · fwd-return at [3, 6, 12, 18] bars · BTC-only =====
  signal                        n    MFE    MAE  r0.5  fwd@12 RANDfwd    EDGE     OOS tr/te
  MR overext z>2 (fade)       257  +2.69  -2.56    88  -0.108  -0.036  -0.072  -0.20/-0.02  <-- CONTENT
  MR 4-consec (fade)          214  +2.11  -2.58    86  -0.331  +0.208  -0.538  -0.39/-0.27  <-- CONTENT
  MOM Donchian20 break        256  +2.58  -2.66    88  -0.014  -0.093  +0.080  +0.22/-0.25
  large-range FOLLOW          206  +2.94  -2.58    90  +0.412  +0.127  +0.284  +0.42/+0.40  <-- CONTENT
  large-range FADE            206  +2.58  -2.94    88  -0.412  +0.026  -0.438  -0.42/-0.40  <-- CONTENT
  vol-spike CONT              223  +2.65  -2.20    88  +0.275  -0.566  +0.842  +0.08/+0.47  <-- CONTENT
  vol-spike FADE              223  +2.20  -2.65    85  -0.275  -0.128  -0.148  -0.08/-0.47  <-- CONTENT
  shallow-sweep->reclaim (long)   83  +2.25  -2.09    90  +0.387  +0.830  -0.443  +0.54/+0.24

CONTENT flag = signal's forward directional return beats matched random by >0.03% at the
headline horizon AND is OOS-sign-consistent. That means predictive content (a real pattern),
stop/cost-free. Turning content into money is the EXECUTION layer (entry/size/exit) — separate.

----- cross_lens.py -----
BTC 1h 4801 bars · random base fwd@12 = +0.047%  (edges must beat THIS, and confluence must beat the edge alone)

== E2 resTL-REJECT short — condition on lenses ==
  E2 resTL-reject (short)    ALL n= 188 content +0.150%  (vs base +0.103)
      × recent UP move (fade WITH offside) n=  19 content +0.365%   (CONFLUENCE vs edge-alone +0.215)
      × perp PREMIUM (longs crowded)       n=  49 content +0.499%   (CONFLUENCE vs edge-alone +0.349)
      × perp DISCOUNT (contradiction?)     n=  59 content +0.065%   (CONTRADICTION vs edge-alone -0.085)
      × funding>0 (longs pay = crowded)    n= 117 content +0.104%   (~ vs edge-alone -0.047)

== E4 poke-low->reclaim long — condition on lenses ==
  E4 poke-reclaim (long)     ALL n= 129 content -0.111%  (vs base -0.158)
      × recent DOWN move (poke the other way) n=  42 content -0.162%   (CONTRADICTION vs edge-alone -0.051)
      × perp DISCOUNT (shorts crowded/cheap) n=  36 content +0.073%   (CONFLUENCE vs edge-alone +0.184)
      × perp PREMIUM (contradiction?)      n=  39 content -0.192%   (CONTRADICTION vs edge-alone -0.082)
      × |move| large (fresh liquidity built) n=  54 content -0.358%   (CONTRADICTION vs edge-alone -0.247)

== E1 vol-spike FADE — condition on lenses ==
  E1 vol-spike-fade          ALL n= 202 content +0.025%  (vs base -0.022)
      × after a move (harvest built liq)   n= 124 content +0.007%   (~ vs edge-alone -0.018)
      × fade aligns w/ perp dislocation    n=  56 content +0.155%   (CONFLUENCE vs edge-alone +0.130)

== DECORRELATION (daily PnL, incl. positioning edge E5) ==
            E1      E2      E4  E5 per
  E1       1.00   -0.08    0.26   -0.24
  E2      -0.08    1.00   -0.25    0.17
  E4       0.26   -0.25    1.00   -0.40
  E5 per  -0.24    0.17   -0.40    1.00

Read: CONFLUENCE cells (content > edge-alone by >0.05%) = the conditions the signal really lives in
(the 'bug repro'); CONTRADICTION cells = where a lens flips it (also information). DISCOVERY/in-sample.

----- funding_sweep.py -----

===== BTC 1h · funding history 4320 pts, aligned 180d · +0.5%/-0.3%/5bp · HOR=24 · DISCOVERY =====
  funding stats: median=6.77e-06  p10/p90 over data — extremes are the test
  signal                        n    net%  medMFE reach.5  vsRAND       OOStr/te
  funding-extreme FADE        269  -0.091   +0.31      38  -0.071  -0.08/ -0.10
  premium-extreme FADE        194  -0.069   +0.34      41  -0.029  -0.09/ -0.05
  funding-extreme FOLLOW      269  -0.050   +0.38      42  +0.011  -0.03/ -0.07

  positioning-family trials (BTC only) = 3
  SURVIVORS: none (funding-extreme fade/follow shows no cost-surviving edge on BTC)

----- edge_ensemble.py -----
===== PER-EDGE (BTC 1h 208d, fwd@12, NO stop/cost) — content vs random, bootstrap 90% CI, walk-forward =====
  E1 vol-spike FADE        n= 216 mean=+0.034% CI90[-0.129,+0.192] CI spans 0  vsRand~+0.046  walkfwd signs=[-1, 1, 1, 1]
  E2 resTL REJECT short    n= 192 mean=+0.178% CI90[-0.026,+0.388] CI spans 0  vsRand~+0.191  walkfwd signs=[1, 1, 1, 1]
  E3 fade-strong-trend     n= 349 mean=-0.030% CI90[-0.195,+0.134] CI spans 0  vsRand~-0.018  walkfwd signs=[-1, 1, -1, 1]

===== DECORRELATION MATRIX (daily PnL, 203 active days) — the whole point of an ensemble =====
        E1 vol-s  E2 resTL  E3 fade-
  E1 vol-s     1.00     -0.14      0.28
  E2 resTL    -0.14      1.00     -0.49
  E3 fade-     0.28     -0.49      1.00

  avg off-diagonal corr = -0.12  ->  effective independent bets N_eff = 3.00 (of 3)
  equal-weight ensemble daily: mean +0.051%  std 1.137  daily-Sharpe +0.05  vs best-single +0.11
  (ensemble <= best single ⇒ decorrelation is NOT paying here — do NOT claim it)

  E4 poke-low->reclaim (15m, native clock): n=143 mean=+0.116% CI90[+0.029,+0.208] CI>0 — add on its own clock; decorrelation vs the 1h set is the next step.

VERDICT: edges with CI90 excluding 0 AND sign-stable walk-forward are robust IN-SAMPLE-OOS; still
owe a pre-registered FORWARD (true-blind) run before ADMITTED. The N_eff and ensemble-Sharpe say
whether combining them beats the best single — the RenTec payoff — net of their correlation.

===== end run 2026-08-18T11:29:54Z =====

===== discovery-sweep run 2026-08-18T12:20:32Z =====


===== BTC 1h 208d (~4993 bars) · +0.5%/-0.3%/5bp · HOR=24 · EXCURSION-graded · DISCOVERY/in-sample =====
  signal                      n  hit%    net%  medMFE  medMAE reach.5  vsRAND     OOStr/te net
  MR overext z>2 (fade)     220    30  -0.110   +0.35   -0.44      40  -0.076   -0.13/ -0.09
  MR 4-consec (fade)        219    39  -0.034   +0.46   -0.37      48  +0.001   -0.03/ -0.03
  MOM NR7 breakout          321    33  -0.086   +0.33   -0.35      37  -0.046   -0.10/ -0.07
  MOM Donchian20 break      228    33  -0.087   +0.44   -0.37      45  -0.053   -0.10/ -0.07
  large-range FOLLOW        169    28  -0.128   +0.34   -0.42      38  -0.038   -0.19/ -0.07
  large-range FADE          169    38  -0.042   +0.50   -0.41      51  +0.057   +0.02/ -0.11
  vol-spike CONT            199    33  -0.085   +0.39   -0.39      45  +0.028   -0.10/ -0.07
  vol-spike FADE            199    36  -0.065   +0.45   -0.41      45  -0.052   -0.05/ -0.08
  inside-bar breakout       314    34  -0.079   +0.38   -0.36      42  +0.001   -0.10/ -0.06

===== BTC 2h 400d (~4801 bars) · +0.5%/-0.3%/5bp · HOR=18 · EXCURSION-graded · DISCOVERY/in-sample =====
  signal                      n  hit%    net%  medMFE  medMAE reach.5  vsRAND     OOStr/te net
  MR overext z>2 (fade)     255    29  -0.121   +0.43   -0.46      45  -0.031   -0.14/ -0.10
  MR 4-consec (fade)        245    34  -0.076   +0.45   -0.41      48  +0.029   -0.07/ -0.08
  MOM NR7 breakout          337    32  -0.098   +0.33   -0.40      41  -0.028   -0.08/ -0.12
  MOM Donchian20 break      260    35  -0.073   +0.52   -0.43      51  +0.015   -0.05/ -0.10
  large-range FOLLOW        193    34  -0.081   +0.52   -0.42      51  +0.012   -0.07/ -0.09
  large-range FADE          193    30  -0.114   +0.47   -0.45      48  -0.037   -0.12/ -0.11
  vol-spike CONT            236    31  -0.099   +0.50   -0.45      50  +0.012   -0.05/ -0.15
  vol-spike FADE            236    33  -0.089   +0.54   -0.48      54  +0.047   -0.13/ -0.05
  inside-bar breakout       353    30  -0.107   +0.38   -0.42      42  -0.048   -0.11/ -0.10

===== BTC 4h 800d (~4801 bars) · +0.5%/-0.3%/5bp · HOR=18 · EXCURSION-graded · DISCOVERY/in-sample =====
  signal                      n  hit%    net%  medMFE  medMAE reach.5  vsRAND     OOStr/te net
  MR overext z>2 (fade)     257    22  -0.176   +0.60   -0.72      59  -0.016   -0.21/ -0.15
  MR 4-consec (fade)        214    26  -0.141   +0.59   -0.64      56  -0.007   -0.12/ -0.16
  MOM NR7 breakout          324    28  -0.128   +0.60   -0.49      56  +0.007   -0.16/ -0.10
  MOM Donchian20 break      256    20  -0.194   +0.63   -0.67      56  -0.050   -0.19/ -0.19
  large-range FOLLOW        206    25  -0.152   +0.54   -0.57      55  -0.058   -0.19/ -0.12
  large-range FADE          206    26  -0.144   +0.57   -0.52      55  +0.008   -0.19/ -0.09
  vol-spike CONT            222    28  -0.127   +0.52   -0.51      53  +0.032   -0.16/ -0.10
  vol-spike FADE            222    25  -0.148   +0.52   -0.50      53  -0.061   -0.22/ -0.08
  inside-bar breakout       361    29  -0.117   +0.62   -0.49      58  +0.029   -0.15/ -0.08

===== TRIAL COUNT (denominator) = 27 signal×TF cells tested, BTC only =====
NO survivors cleared the discovery bar (beat random + both OOS halves positive). Expected — most patterns are null after costs.

----- discovery_excursion.py -----

===== BTC 5m 17d (~4897 bars) · NO stop / NO cost / NO bracket · MFE/MAE over 48 bars · fwd-return at [6, 12, 24, 48] bars · BTC-only =====
  signal                        n    MFE    MAE  r0.5  fwd@24 RANDfwd    EDGE     OOS tr/te
  MR overext z>2 (fade)       176  +0.25  -0.24    31  +0.020  -0.015  +0.035  +0.04/+0.00  <-- CONTENT
  MR 4-consec (fade)          162  +0.30  -0.22    32  +0.033  -0.018  +0.051  +0.06/+0.00  <-- CONTENT
  MOM Donchian20 break        178  +0.25  -0.27    22  -0.006  +0.026  -0.032  -0.02/+0.00
  large-range FOLLOW          136  +0.23  -0.26    22  -0.012  -0.016  +0.005  -0.01/-0.01
  large-range FADE            136  +0.26  -0.23    27  +0.012  +0.025  -0.013  +0.01/+0.01
  vol-spike CONT              195  +0.24  -0.28    24  -0.014  +0.013  -0.026  -0.04/+0.01
  vol-spike FADE              195  +0.28  -0.24    27  +0.014  -0.001  +0.015  +0.04/-0.01
  shallow-sweep->reclaim (long)  138  +0.28  -0.21    28  +0.032  +0.015  +0.017  +0.03/+0.03

===== BTC 15m 52d (~4993 bars) · NO stop / NO cost / NO bracket · MFE/MAE over 32 bars · fwd-return at [4, 8, 16, 32] bars · BTC-only =====
  signal                        n    MFE    MAE  r0.5  fwd@16 RANDfwd    EDGE     OOS tr/te
  MR overext z>2 (fade)       201  +0.52  -0.57    52  -0.009  -0.034  +0.025  +0.02/-0.04
  MR 4-consec (fade)          208  +0.52  -0.45    52  +0.056  +0.057  -0.001  +0.06/+0.05
  MOM Donchian20 break        227  +0.46  -0.61    48  -0.064  -0.014  -0.050  -0.07/-0.05  <-- CONTENT
  large-range FOLLOW          145  +0.58  -0.61    55  +0.044  -0.024  +0.067  +0.04/+0.04  <-- CONTENT
  large-range FADE            145  +0.61  -0.58    57  -0.044  -0.064  +0.020  -0.04/-0.04
  vol-spike CONT              191  +0.56  -0.55    54  -0.049  -0.019  -0.029  -0.12/+0.03
  vol-spike FADE              191  +0.55  -0.56    55  +0.049  +0.030  +0.018  +0.12/-0.03
  shallow-sweep->reclaim (long)  140  +0.59  -0.41    59  +0.122  +0.075  +0.047  +0.19/+0.06  <-- CONTENT

===== BTC 1h 208d (~4993 bars) · NO stop / NO cost / NO bracket · MFE/MAE over 24 bars · fwd-return at [3, 6, 12, 24] bars · BTC-only =====
  signal                        n    MFE    MAE  r0.5  fwd@12 RANDfwd    EDGE     OOS tr/te
  MR overext z>2 (fade)       220  +1.09  -1.41    74  -0.138  +0.063  -0.201  -0.16/-0.11  <-- CONTENT
  MR 4-consec (fade)          219  +1.27  -1.29    84  +0.053  +0.028  +0.025  +0.07/+0.04
  MOM Donchian20 break        228  +1.33  -1.08    81  +0.110  +0.054  +0.056  +0.17/+0.05  <-- CONTENT
  large-range FOLLOW          169  +1.32  -1.30    79  -0.091  +0.198  -0.289  -0.09/-0.09  <-- CONTENT
  large-range FADE            169  +1.30  -1.32    82  +0.091  +0.017  +0.075  +0.09/+0.09  <-- CONTENT
  vol-spike CONT              199  +1.25  -1.20    82  -0.059  +0.154  -0.214  -0.05/-0.07  <-- CONTENT
  vol-spike FADE              199  +1.20  -1.25    82  +0.059  -0.119  +0.179  +0.05/+0.07  <-- CONTENT
  shallow-sweep->reclaim (long)  129  +1.19  -1.23    81  -0.081  +0.067  -0.148  -0.00/-0.16  <-- CONTENT

===== BTC 4h 800d (~4801 bars) · NO stop / NO cost / NO bracket · MFE/MAE over 18 bars · fwd-return at [3, 6, 12, 18] bars · BTC-only =====
  signal                        n    MFE    MAE  r0.5  fwd@12 RANDfwd    EDGE     OOS tr/te
  MR overext z>2 (fade)       257  +2.69  -2.56    88  -0.108  +0.350  -0.458  -0.20/-0.02  <-- CONTENT
  MR 4-consec (fade)          214  +2.11  -2.58    86  -0.331  +0.213  -0.544  -0.39/-0.27  <-- CONTENT
  MOM Donchian20 break        256  +2.58  -2.66    88  -0.014  -0.028  +0.015  +0.22/-0.25
  large-range FOLLOW          206  +2.83  -2.58    90  +0.389  -0.171  +0.559  +0.38/+0.40  <-- CONTENT
  large-range FADE            206  +2.58  -2.83    89  -0.389  -0.014  -0.375  -0.38/-0.40  <-- CONTENT
  vol-spike CONT              222  +2.65  -2.21    88  +0.262  +0.008  +0.254  +0.02/+0.51  <-- CONTENT
  vol-spike FADE              222  +2.21  -2.65    86  -0.262  -0.174  -0.088  -0.02/-0.51  <-- CONTENT
  shallow-sweep->reclaim (long)   83  +2.25  -2.09    90  +0.387  +0.871  -0.484  +0.54/+0.24

CONTENT flag = signal's forward directional return beats matched random by >0.03% at the
headline horizon AND is OOS-sign-consistent. That means predictive content (a real pattern),
stop/cost-free. Turning content into money is the EXECUTION layer (entry/size/exit) — separate.

----- cross_lens.py -----
BTC 1h 4801 bars · random base fwd@12 = +0.039%  (edges must beat THIS, and confluence must beat the edge alone)

== E2 resTL-REJECT short — condition on lenses ==
  E2 resTL-reject (short)    ALL n= 188 content +0.150%  (vs base +0.112)
      × recent UP move (fade WITH offside) n=  19 content +0.365%   (CONFLUENCE vs edge-alone +0.215)
      × perp PREMIUM (longs crowded)       n=  49 content +0.499%   (CONFLUENCE vs edge-alone +0.349)
      × perp DISCOUNT (contradiction?)     n=  59 content +0.065%   (CONTRADICTION vs edge-alone -0.085)
      × funding>0 (longs pay = crowded)    n= 117 content +0.104%   (~ vs edge-alone -0.047)

== E4 poke-low->reclaim long — condition on lenses ==
  E4 poke-reclaim (long)     ALL n= 129 content -0.111%  (vs base -0.149)
      × recent DOWN move (poke the other way) n=  42 content -0.162%   (CONTRADICTION vs edge-alone -0.051)
      × perp DISCOUNT (shorts crowded/cheap) n=  36 content +0.073%   (CONFLUENCE vs edge-alone +0.184)
      × perp PREMIUM (contradiction?)      n=  39 content -0.192%   (CONTRADICTION vs edge-alone -0.082)
      × |move| large (fresh liquidity built) n=  54 content -0.358%   (CONTRADICTION vs edge-alone -0.247)

== E1 vol-spike FADE — condition on lenses ==
  E1 vol-spike-fade          ALL n= 202 content +0.025%  (vs base -0.013)
      × after a move (harvest built liq)   n= 124 content +0.007%   (~ vs edge-alone -0.018)
      × fade aligns w/ perp dislocation    n=  56 content +0.155%   (CONFLUENCE vs edge-alone +0.130)

== DECORRELATION (daily PnL, incl. positioning edge E5) ==
            E1      E2      E4  E5 per
  E1       1.00   -0.08    0.26   -0.24
  E2      -0.08    1.00   -0.25    0.18
  E4       0.26   -0.25    1.00   -0.39
  E5 per  -0.24    0.18   -0.39    1.00

Read: CONFLUENCE cells (content > edge-alone by >0.05%) = the conditions the signal really lives in
(the 'bug repro'); CONTRADICTION cells = where a lens flips it (also information). DISCOVERY/in-sample.

----- funding_sweep.py -----

===== BTC 1h · funding history 4320 pts, aligned 180d · +0.5%/-0.3%/5bp · HOR=24 · DISCOVERY =====
  funding stats: median=6.77e-06  p10/p90 over data — extremes are the test
  signal                        n    net%  medMFE reach.5  vsRAND       OOStr/te
  funding-extreme FADE        268  -0.094   +0.31      38  -0.041  -0.08/ -0.11
  premium-extreme FADE        194  -0.069   +0.34      41  +0.002  -0.09/ -0.05
  funding-extreme FOLLOW      268  -0.046   +0.38      43  +0.027  -0.03/ -0.06

  positioning-family trials (BTC only) = 3
  SURVIVORS: none (funding-extreme fade/follow shows no cost-surviving edge on BTC)

----- edge_ensemble.py -----
===== PER-EDGE (BTC 1h 208d, fwd@12, NO stop/cost) — content vs random, bootstrap 90% CI, walk-forward =====
  E1 vol-spike FADE        n= 216 mean=+0.034% CI90[-0.129,+0.192] CI spans 0  vsRand~+0.049  walkfwd signs=[-1, 1, 1, 1]
  E2 resTL REJECT short    n= 192 mean=+0.178% CI90[-0.026,+0.388] CI spans 0  vsRand~+0.193  walkfwd signs=[1, 1, 1, 1]
  E3 fade-strong-trend     n= 350 mean=-0.029% CI90[-0.192,+0.134] CI spans 0  vsRand~-0.015  walkfwd signs=[-1, 1, -1, 1]

===== DECORRELATION MATRIX (daily PnL, 204 active days) — the whole point of an ensemble =====
        E1 vol-s  E2 resTL  E3 fade-
  E1 vol-s     1.00     -0.14      0.28
  E2 resTL    -0.14      1.00     -0.49
  E3 fade-     0.28     -0.49      1.00

  avg off-diagonal corr = -0.12  ->  effective independent bets N_eff = 3.00 (of 3)
  equal-weight ensemble daily: mean +0.051%  std 1.134  daily-Sharpe +0.05  vs best-single +0.11
  (ensemble <= best single ⇒ decorrelation is NOT paying here — do NOT claim it)

  E4 poke-low->reclaim (15m, native clock): n=144 mean=+0.117% CI90[+0.034,+0.205] CI>0 — add on its own clock; decorrelation vs the 1h set is the next step.

VERDICT: edges with CI90 excluding 0 AND sign-stable walk-forward are robust IN-SAMPLE-OOS; still
owe a pre-registered FORWARD (true-blind) run before ADMITTED. The N_eff and ensemble-Sharpe say
whether combining them beats the best single — the RenTec payoff — net of their correlation.

===== end run 2026-08-18T12:20:59Z =====

===== discovery-sweep run 2026-08-18T16:30:02Z =====


===== BTC 1h 208d (~4993 bars) · +0.5%/-0.3%/5bp · HOR=24 · EXCURSION-graded · DISCOVERY/in-sample =====
  signal                      n  hit%    net%  medMFE  medMAE reach.5  vsRAND     OOStr/te net
  MR overext z>2 (fade)     221    30  -0.110   +0.34   -0.44      39  -0.024   -0.13/ -0.09
  MR 4-consec (fade)        219    39  -0.036   +0.46   -0.37      48  +0.066   -0.03/ -0.04
  MOM NR7 breakout          321    32  -0.089   +0.33   -0.35      36  -0.060   -0.10/ -0.07
  MOM Donchian20 break      229    33  -0.087   +0.44   -0.37      45  +0.004   -0.10/ -0.07
  large-range FOLLOW        170    28  -0.129   +0.33   -0.42      38  -0.063   -0.19/ -0.07
  large-range FADE          170    38  -0.041   +0.50   -0.41      51  +0.013   +0.02/ -0.10
  vol-spike CONT            200    33  -0.086   +0.38   -0.39      45  +0.016   -0.10/ -0.07
  vol-spike FADE            200    36  -0.063   +0.45   -0.41      45  -0.017   -0.05/ -0.07
  inside-bar breakout       315    34  -0.080   +0.37   -0.36      42  -0.015   -0.10/ -0.06

===== BTC 2h 400d (~4801 bars) · +0.5%/-0.3%/5bp · HOR=18 · EXCURSION-graded · DISCOVERY/in-sample =====
  signal                      n  hit%    net%  medMFE  medMAE reach.5  vsRAND     OOStr/te net
  MR overext z>2 (fade)     255    29  -0.121   +0.43   -0.46      45  -0.019   -0.14/ -0.10
  MR 4-consec (fade)        245    34  -0.076   +0.45   -0.41      48  +0.020   -0.07/ -0.08
  MOM NR7 breakout          337    32  -0.098   +0.33   -0.40      41  -0.045   -0.08/ -0.12
  MOM Donchian20 break      261    35  -0.074   +0.51   -0.43      51  +0.012   -0.05/ -0.10
  large-range FOLLOW        193    34  -0.081   +0.52   -0.42      51  -0.008   -0.07/ -0.09
  large-range FADE          193    30  -0.114   +0.47   -0.45      48  -0.037   -0.12/ -0.11
  vol-spike CONT            236    31  -0.099   +0.50   -0.45      50  -0.010   -0.05/ -0.15
  vol-spike FADE            236    33  -0.089   +0.54   -0.48      54  -0.014   -0.13/ -0.05
  inside-bar breakout       353    30  -0.107   +0.38   -0.42      42  -0.000   -0.11/ -0.10

===== BTC 4h 800d (~4801 bars) · +0.5%/-0.3%/5bp · HOR=18 · EXCURSION-graded · DISCOVERY/in-sample =====
  signal                      n  hit%    net%  medMFE  medMAE reach.5  vsRAND     OOStr/te net
  MR overext z>2 (fade)     258    22  -0.174   +0.60   -0.72      59  -0.035   -0.20/ -0.15
  MR 4-consec (fade)        214    26  -0.141   +0.59   -0.64      56  -0.052   -0.12/ -0.16
  MOM NR7 breakout          324    28  -0.128   +0.60   -0.49      56  -0.007   -0.16/ -0.10
  MOM Donchian20 break      257    20  -0.194   +0.63   -0.66      56  -0.028   -0.19/ -0.19
  large-range FOLLOW        205    25  -0.151   +0.55   -0.57      55  -0.039   -0.19/ -0.12
  large-range FADE          205    25  -0.147   +0.57   -0.52      55  -0.027   -0.20/ -0.09
  vol-spike CONT            222    28  -0.127   +0.52   -0.51      53  -0.032   -0.16/ -0.10
  vol-spike FADE            222    25  -0.148   +0.52   -0.50      53  +0.004   -0.22/ -0.08
  inside-bar breakout       361    29  -0.117   +0.62   -0.49      58  +0.049   -0.15/ -0.08

===== TRIAL COUNT (denominator) = 27 signal×TF cells tested, BTC only =====
NO survivors cleared the discovery bar (beat random + both OOS halves positive). Expected — most patterns are null after costs.

----- discovery_excursion.py -----

===== BTC 5m 17d (~4897 bars) · NO stop / NO cost / NO bracket · MFE/MAE over 48 bars · fwd-return at [6, 12, 24, 48] bars · BTC-only =====
  signal                        n    MFE    MAE  r0.5  fwd@24 RANDfwd    EDGE     OOS tr/te
  MR overext z>2 (fade)       176  +0.27  -0.24    31  +0.031  +0.017  +0.014  +0.05/+0.01
  MR 4-consec (fade)          160  +0.32  -0.23    32  +0.036  -0.064  +0.100  +0.07/+0.01  <-- CONTENT
  MOM Donchian20 break        178  +0.26  -0.28    23  -0.013  +0.052  -0.065  -0.03/-0.00  <-- CONTENT
  large-range FOLLOW          135  +0.22  -0.27    22  -0.015  +0.020  -0.035  -0.01/-0.02  <-- CONTENT
  large-range FADE            135  +0.27  -0.22    27  +0.015  +0.039  -0.024  +0.01/+0.02
  vol-spike CONT              195  +0.24  -0.29    23  -0.025  -0.024  -0.001  -0.04/-0.01
  vol-spike FADE              195  +0.29  -0.24    28  +0.025  +0.020  +0.005  +0.04/+0.01
  shallow-sweep->reclaim (long)  138  +0.29  -0.21    29  +0.046  +0.028  +0.018  +0.05/+0.05

===== BTC 15m 52d (~4993 bars) · NO stop / NO cost / NO bracket · MFE/MAE over 32 bars · fwd-return at [4, 8, 16, 32] bars · BTC-only =====
  signal                        n    MFE    MAE  r0.5  fwd@16 RANDfwd    EDGE     OOS tr/te
  MR overext z>2 (fade)       201  +0.54  -0.57    53  -0.006  +0.051  -0.057  +0.03/-0.04
  MR 4-consec (fade)          208  +0.53  -0.45    53  +0.053  -0.032  +0.085  +0.06/+0.05  <-- CONTENT
  MOM Donchian20 break        227  +0.46  -0.61    48  -0.067  -0.050  -0.016  -0.08/-0.05
  large-range FOLLOW          145  +0.58  -0.61    55  +0.042  -0.042  +0.085  +0.05/+0.04  <-- CONTENT
  large-range FADE            145  +0.61  -0.58    57  -0.042  +0.047  -0.090  -0.05/-0.04  <-- CONTENT
  vol-spike CONT              192  +0.56  -0.56    53  -0.050  -0.039  -0.011  -0.12/+0.02
  vol-spike FADE              192  +0.56  -0.56    56  +0.050  +0.106  -0.056  +0.12/-0.02
  shallow-sweep->reclaim (long)  141  +0.61  -0.41    60  +0.122  +0.007  +0.115  +0.19/+0.06  <-- CONTENT

===== BTC 1h 208d (~4993 bars) · NO stop / NO cost / NO bracket · MFE/MAE over 24 bars · fwd-return at [3, 6, 12, 24] bars · BTC-only =====
  signal                        n    MFE    MAE  r0.5  fwd@12 RANDfwd    EDGE     OOS tr/te
  MR overext z>2 (fade)       221  +1.07  -1.40    73  -0.138  +0.067  -0.205  -0.16/-0.11  <-- CONTENT
  MR 4-consec (fade)          219  +1.27  -1.29    84  +0.053  -0.032  +0.085  +0.07/+0.04  <-- CONTENT
  MOM Donchian20 break        229  +1.34  -1.07    80  +0.110  +0.230  -0.120  +0.17/+0.05
  large-range FOLLOW          170  +1.31  -1.29    79  -0.091  -0.046  -0.045  -0.11/-0.08  <-- CONTENT
  large-range FADE            170  +1.29  -1.31    82  +0.091  -0.112  +0.204  +0.11/+0.08  <-- CONTENT
  vol-spike CONT              200  +1.28  -1.20    82  -0.059  -0.140  +0.080  -0.05/-0.07
  vol-spike FADE              200  +1.20  -1.28    82  +0.059  -0.003  +0.063  +0.05/+0.07  <-- CONTENT
  shallow-sweep->reclaim (long)  130  +1.20  -1.23    81  -0.081  +0.105  -0.185  +0.01/-0.17

===== BTC 4h 800d (~4801 bars) · NO stop / NO cost / NO bracket · MFE/MAE over 18 bars · fwd-return at [3, 6, 12, 18] bars · BTC-only =====
  signal                        n    MFE    MAE  r0.5  fwd@12 RANDfwd    EDGE     OOS tr/te
  MR overext z>2 (fade)       258  +2.69  -2.55    87  -0.108  +0.088  -0.196  -0.19/-0.03  <-- CONTENT
  MR 4-consec (fade)          214  +2.11  -2.58    86  -0.331  +0.069  -0.400  -0.39/-0.27  <-- CONTENT
  MOM Donchian20 break        257  +2.58  -2.65    88  -0.014  -0.058  +0.044  +0.22/-0.25
  large-range FOLLOW          205  +2.87  -2.59    90  +0.386  -0.052  +0.439  +0.37/+0.40  <-- CONTENT
  large-range FADE            205  +2.59  -2.87    89  -0.386  -0.351  -0.036  -0.37/-0.40  <-- CONTENT
  vol-spike CONT              222  +2.65  -2.23    88  +0.262  -0.388  +0.649  +0.02/+0.51  <-- CONTENT
  vol-spike FADE              222  +2.23  -2.65    86  -0.262  +0.099  -0.361  -0.02/-0.51  <-- CONTENT
  shallow-sweep->reclaim (long)   83  +2.25  -2.09    90  +0.387  +0.601  -0.214  +0.54/+0.24

CONTENT flag = signal's forward directional return beats matched random by >0.03% at the
headline horizon AND is OOS-sign-consistent. That means predictive content (a real pattern),
stop/cost-free. Turning content into money is the EXECUTION layer (entry/size/exit) — separate.

----- cross_lens.py -----
BTC 1h 4801 bars · random base fwd@12 = +0.001%  (edges must beat THIS, and confluence must beat the edge alone)

== E2 resTL-REJECT short — condition on lenses ==
  E2 resTL-reject (short)    ALL n= 188 content +0.150%  (vs base +0.149)
      × recent UP move (fade WITH offside) n=  19 content +0.365%   (CONFLUENCE vs edge-alone +0.215)
      × perp PREMIUM (longs crowded)       n=  49 content +0.499%   (CONFLUENCE vs edge-alone +0.349)
      × perp DISCOUNT (contradiction?)     n=  59 content +0.065%   (CONTRADICTION vs edge-alone -0.085)
      × funding>0 (longs pay = crowded)    n= 116 content +0.117%   (~ vs edge-alone -0.033)

== E4 poke-low->reclaim long — condition on lenses ==
  E4 poke-reclaim (long)     ALL n= 129 content -0.111%  (vs base -0.111)
      × recent DOWN move (poke the other way) n=  42 content -0.162%   (CONTRADICTION vs edge-alone -0.051)
      × perp DISCOUNT (shorts crowded/cheap) n=  36 content +0.073%   (CONFLUENCE vs edge-alone +0.184)
      × perp PREMIUM (contradiction?)      n=  39 content -0.192%   (CONTRADICTION vs edge-alone -0.082)
      × |move| large (fresh liquidity built) n=  54 content -0.358%   (CONTRADICTION vs edge-alone -0.247)

== E1 vol-spike FADE — condition on lenses ==
  E1 vol-spike-fade          ALL n= 202 content +0.025%  (vs base +0.025)
      × after a move (harvest built liq)   n= 123 content +0.032%   (~ vs edge-alone +0.006)
      × fade aligns w/ perp dislocation    n=  56 content +0.155%   (CONFLUENCE vs edge-alone +0.130)

== DECORRELATION (daily PnL, incl. positioning edge E5) ==
            E1      E2      E4  E5 per
  E1       1.00   -0.08    0.26   -0.20
  E2      -0.08    1.00   -0.25    0.18
  E4       0.26   -0.25    1.00   -0.34
  E5 per  -0.20    0.18   -0.34    1.00

Read: CONFLUENCE cells (content > edge-alone by >0.05%) = the conditions the signal really lives in
(the 'bug repro'); CONTRADICTION cells = where a lens flips it (also information). DISCOVERY/in-sample.

----- funding_sweep.py -----

===== BTC 1h · funding history 4320 pts, aligned 180d · +0.5%/-0.3%/5bp · HOR=24 · DISCOVERY =====
  funding stats: median=6.75e-06  p10/p90 over data — extremes are the test
  signal                        n    net%  medMFE reach.5  vsRAND       OOStr/te
  funding-extreme FADE        268  -0.093   +0.31      38  -0.064  -0.08/ -0.10
  premium-extreme FADE        194  -0.068   +0.34      42  -0.022  -0.09/ -0.05
  funding-extreme FOLLOW      268  -0.046   +0.38      43  +0.017  -0.03/ -0.06

  positioning-family trials (BTC only) = 3
  SURVIVORS: none (funding-extreme fade/follow shows no cost-surviving edge on BTC)

----- edge_ensemble.py -----
===== PER-EDGE (BTC 1h 208d, fwd@12, NO stop/cost) — content vs random, bootstrap 90% CI, walk-forward =====
  E1 vol-spike FADE        n= 216 mean=+0.034% CI90[-0.129,+0.192] CI spans 0  vsRand~+0.031  walkfwd signs=[-1, 1, 1, 1]
  E2 resTL REJECT short    n= 192 mean=+0.178% CI90[-0.026,+0.388] CI spans 0  vsRand~+0.176  walkfwd signs=[1, 1, 1, 1]
  E3 fade-strong-trend     n= 350 mean=-0.029% CI90[-0.192,+0.134] CI spans 0  vsRand~-0.032  walkfwd signs=[-1, 1, -1, 1]

===== DECORRELATION MATRIX (daily PnL, 204 active days) — the whole point of an ensemble =====
        E1 vol-s  E2 resTL  E3 fade-
  E1 vol-s     1.00     -0.14      0.28
  E2 resTL    -0.14      1.00     -0.49
  E3 fade-     0.28     -0.49      1.00

  avg off-diagonal corr = -0.12  ->  effective independent bets N_eff = 3.00 (of 3)
  equal-weight ensemble daily: mean +0.051%  std 1.134  daily-Sharpe +0.05  vs best-single +0.11
  (ensemble <= best single ⇒ decorrelation is NOT paying here — do NOT claim it)

  E4 poke-low->reclaim (15m, native clock): n=144 mean=+0.117% CI90[+0.034,+0.205] CI>0 — add on its own clock; decorrelation vs the 1h set is the next step.

VERDICT: edges with CI90 excluding 0 AND sign-stable walk-forward are robust IN-SAMPLE-OOS; still
owe a pre-registered FORWARD (true-blind) run before ADMITTED. The N_eff and ensemble-Sharpe say
whether combining them beats the best single — the RenTec payoff — net of their correlation.

===== end run 2026-08-18T16:30:29Z =====
