2026-08-21T12:26:40Z seeded 15m 12:00 c=76968 · 1h 11:00 c=76768
2026-08-21T12:46:01Z FIRE LONG_ENTRY:1787315400000
2026-08-21T13:08:01Z FIRE LONG_ENTRY:1787316300000,SHORT_DEAD:1787313600000
2026-08-21T13:16:01Z FIRE LONG_ENTRY:1787317200000
2026-08-21T13:23:44Z seeded 15m 13:00 c=77218 · 1h 12:00 c=77230
2026-08-21T13:31:01Z FIRE LONG_ENTRY:1787318100000,SHORT_DEAD_15M:1787318100000
2026-08-21T13:46:01Z FIRE LONG_ENTRY:1787319000000,SHORT_DEAD_15M:1787319000000
2026-08-21T14:07:53Z crash: name 'targets_for' is not defined
2026-08-21T14:31:01Z crash: name 'targets_for' is not defined
2026-08-21T14:46:01Z crash: name 'targets_for' is not defined
2026-08-21T15:07:59Z crash: name 'targets_for' is not defined
2026-08-21T15:16:01Z crash: name 'targets_for' is not defined
2026-08-21T15:31:01Z crash: name 'targets_for' is not defined
2026-08-21T15:46:01Z crash: name 'targets_for' is not defined
2026-08-21T16:07:32Z seeded 15m 15:45 c=77242 · 1h 15:00 c=77242
2026-08-21T16:42:09Z seeded 15m 16:15 c=77404 · 1h 15:00 c=77242
2026-08-21T19:51:33Z seeded 15m 19:30 c=77164 · 1h 18:00 c=77136
2026-08-21T20:29:17Z seeded 15m 20:00 c=77269 · 1h 19:00 c=77018
2026-08-21T21:44:46Z seeded 15m 21:15 c=78110 · 1h 20:00 c=77510
2026-08-21T22:08:23Z FIRE WATCH_LID:1787348700000
2026-08-21T22:16:04Z FIRE WATCH_LID:1787349600000
2026-08-21T22:31:05Z FIRE WATCH_LID:1787350500000
2026-08-21T22:46:05Z FIRE WATCH_LID:1787351400000
2026-08-21T23:08:10Z FIRE WATCH_LID:1787352300000
2026-08-21T23:16:04Z FIRE WATCH_LID:1787353200000
2026-08-22T02:46:05Z FIRE WATCH_LID:1787365800000
2026-08-22T03:08:16Z FIRE WATCH_LID:1787366700000
2026-08-22T03:31:05Z FIRE WATCH_LID:1787368500000
2026-08-22T03:46:06Z FIRE WATCH_LID:1787369400000
2026-08-22T04:08:37Z FIRE WATCH_LID:1787370300000
2026-08-22T04:31:05Z FIRE WATCH_LID:1787372100000
2026-08-22T04:46:05Z FIRE WATCH_LID:1787373000000
